** Drc report for C:/Users/Laptop Pro/OneDrive/Desktop/PPF/PbF/4pi/Esp32BasedProjects/krake/PCBa_KRAKE/PCBa_KRAKE.kicad_pcb **
** Created on 2024-11-04 13:05:03 **

** Found 4 DRC violations **
[annular_width]: Annular width (board setup constraints min annular width 0.0500 mm; actual -1.3995 mm)
    Rule: board setup constraints; Severity: error
    @(137.1600 mm, 100.6400 mm): PTH pad [<no net>] of J105
[padstack]: Padstack is not valid (PTH pad has no copper layers)
    Local override; Severity: error
    @(137.1600 mm, 100.6400 mm): PTH pad [<no net>] of J105
[starved_thermal]: Thermal relief connection to zone incomplete (board setup constraints zone fill strategy min spoke count 2; actual 1)
    Rule: board setup constraints zone fill strategy; Severity: error
    @(193.0400 mm, 101.6000 mm): Zone [GND] on F.Cu and 1 more
    @(111.7900 mm, 97.6600 mm): Pad 5 [GND] of J501 on F.Cu
[starved_thermal]: Thermal relief connection to zone incomplete (board setup constraints zone fill strategy min spoke count 2; actual 1)
    Rule: board setup constraints zone fill strategy; Severity: error
    @(193.0400 mm, 101.6000 mm): Zone [GND] on F.Cu and 1 more
    @(86.3600 mm, 74.9260 mm): PTH pad 29 [GND] of A101

** Found 0 unconnected pads **

** Found 0 Footprint errors **

** End of Report **
